True
True
True
True
True
2.0 deg
0.0 deg
1.0 deg.deg
1.0 deg/(deg)
2.0 deg
[181.0, 1.0] deg
0.0174524064373 
[1.2246467991473532e-16, 0.0] 
0.0174532925199 rad
0.0666666666667 h
0.0174532925199 rad
1.0
3600.0
deg
0.507002314815 d
-3506672995.0
